{"post_data":{"username":"markjayson545","phone":"9810887893","email":"markjayson545@gmail.com","password":"123456789","confirm-password":"123456789"},"sanitized_data":{"username":"markjayson545","phone":"9810887893","email":"markjayson545@gmail.com","password":"REDACTED","confirm_password":"REDACTED"}}
{"post_data":{"username":"markjayson545","phone":"9810887893","email":"markjayson545@gmail.com","password":"123456789","confirm-password":"123456789"},"sanitized_data":{"username":"markjayson545","phone":"9810887893","email":"markjayson545@gmail.com","password":"REDACTED","confirm_password":"REDACTED"}}
{"post_data":{"username":"markjayson545","phone":"09123456789","email":"markjayson545@gmail.com","password":"markjayson","confirm-password":"markjayson"},"sanitized_data":{"username":"markjayson545","phone":"09123456789","email":"markjayson545@gmail.com","password":"REDACTED","confirm_password":"REDACTED"}}
{"post_data":{"username":"markjayson545","phone":"09123456789","email":"markjayson545@gmail.com","password":"markjayson","confirm-password":"markjayson"},"sanitized_data":{"username":"markjayson545","phone":"09123456789","email":"markjayson545@gmail.com","password":"REDACTED","confirm_password":"REDACTED"}}
{"post_data":{"username":"markjayson5456","phone":"09123456789","email":"markjayson545@gmail.com","password":"markjayson","confirm-password":"markjayson"},"sanitized_data":{"username":"markjayson5456","phone":"09123456789","email":"markjayson545@gmail.com","password":"REDACTED","confirm_password":"REDACTED"}}
{"post_data":{"username":"markjayson5456","phone":"09123456789","email":"markjayson545@gmail.con","password":"markjayson","confirm-password":"markjayson"},"sanitized_data":{"username":"markjayson5456","phone":"09123456789","email":"markjayson545@gmail.con","password":"REDACTED","confirm_password":"REDACTED"}}
{"post_data":{"username":"markjayson545","phone":"9810887893","email":"markjayson545@gmail.com","password":"123456789","confirm-password":"123456789"},"sanitized_data":{"username":"markjayson545","phone":"9810887893","email":"markjayson545@gmail.com","password":"REDACTED","confirm_password":"REDACTED"}}
{"post_data":{"username":"markjayson545","phone":"9810887893","email":"markjayson545@gmail.com","password":"123456789","confirm-password":"123456789"},"sanitized_data":{"username":"markjayson545","phone":"9810887893","email":"markjayson545@gmail.com","password":"REDACTED","confirm_password":"REDACTED"}}
{"post_data":{"username":"markjayson5456","phone":"09123456789","email":"markjayson545@gmail.con","password":"markjayson","confirm-password":"markjayson"},"sanitized_data":{"username":"markjayson5456","phone":"09123456789","email":"markjayson545@gmail.con","password":"REDACTED","confirm_password":"REDACTED"}}
Password column size increased from 50 to 255
{"post_data":{"username":"markjayson5456","phone":"09123456789","email":"markjayson545@gmail.comm","password":"markjayson","confirm-password":"markjayson"},"sanitized_data":{"username":"markjayson5456","phone":"09123456789","email":"markjayson545@gmail.comm","password":"REDACTED","confirm_password":"REDACTED"}}
Password hash length: 60
{"post_data":{"username":"markjayson545","phone":"09123456789","email":"markjayson545@gmail.com","password":"markjayson","confirm-password":"markjayson"},"sanitized_data":{"username":"markjayson545","phone":"09123456789","email":"markjayson545@gmail.com","password":"REDACTED","confirm_password":"REDACTED"}}
{"post_data":{"username":"markjayson545","phone":"09123456789","email":"markjayson545@gmail.com","password":"markjayson","confirm-password":"markjayson"},"sanitized_data":{"username":"markjayson545","phone":"09123456789","email":"markjayson545@gmail.com","password":"REDACTED","confirm_password":"REDACTED"}}
{"post_data":{"username":"markjayson545","phone":"09123456789","email":"markjayson545@gmail.com","password":"markjayson5","confirm-password":"markjayson5"},"sanitized_data":{"username":"markjayson545","phone":"09123456789","email":"markjayson545@gmail.com","password":"REDACTED","confirm_password":"REDACTED"}}
{"post_data":{"username":"markjayson5455","phone":"09123456789","email":"markjayson545@gmail.com","password":"markjayson5","confirm-password":"markjayson5"},"sanitized_data":{"username":"markjayson5455","phone":"09123456789","email":"markjayson545@gmail.com","password":"REDACTED","confirm_password":"REDACTED"}}
{"post_data":{"username":"markjayson5455","phone":"09123456789","email":"markjayson545@gmail.con","password":"markjayson5","confirm-password":"markjayson5"},"sanitized_data":{"username":"markjayson5455","phone":"09123456789","email":"markjayson545@gmail.con","password":"REDACTED","confirm_password":"REDACTED"}}
{"post_data":{"username":"markjayson5455","phone":"09123456789","email":"markjayson545@gmail.co","password":"markjayson5","confirm-password":"markjayson5"},"sanitized_data":{"username":"markjayson5455","phone":"09123456789","email":"markjayson545@gmail.co","password":"REDACTED","confirm_password":"REDACTED"}}
{"post_data":{"username":"markjayson5455","phone":"09123456782","email":"markjayson545@gmail.co","password":"markjayson5","confirm-password":"markjayson5"},"sanitized_data":{"username":"markjayson5455","phone":"09123456782","email":"markjayson545@gmail.co","password":"REDACTED","confirm_password":"REDACTED"}}
Password hash length: 60
